// Jest Snapshot v1, https://goo.gl/fbAQLP

exports[`CategoryPicker Component Rendering renders according to design 1`] = `
<div
  className="category-picker"
>
  <div>
    <input
      checked={true}
      id="category"
      name="c1"
      onChange={[Function]}
      onClick={[Function]}
      type="checkbox"
    />
    <label
      for="c1"
    >
      c1
    </label>
  </div>
  <div>
    <input
      checked={true}
      id="category"
      name="c2"
      onChange={[Function]}
      onClick={[Function]}
      type="checkbox"
    />
    <label
      for="c2"
    >
      c2
    </label>
  </div>
  <div>
    <input
      checked={true}
      id="category"
      name="c3"
      onChange={[Function]}
      onClick={[Function]}
      type="checkbox"
    />
    <label
      for="c3"
    >
      c3
    </label>
  </div>
  <div>
    <input
      checked={true}
      id="category"
      name="c4"
      onChange={[Function]}
      onClick={[Function]}
      type="checkbox"
    />
    <label
      for="c4"
    >
      c4
    </label>
  </div>
  <div>
    <input
      checked={true}
      id="category"
      name="c5"
      onChange={[Function]}
      onClick={[Function]}
      type="checkbox"
    />
    <label
      for="c5"
    >
      c5
    </label>
  </div>
  <div>
    <input
      checked={true}
      id="category"
      name="c6"
      onChange={[Function]}
      onClick={[Function]}
      type="checkbox"
    />
    <label
      for="c6"
    >
      c6
    </label>
  </div>
  <div>
    <input
      checked={true}
      id="category"
      name="c7"
      onChange={[Function]}
      onClick={[Function]}
      type="checkbox"
    />
    <label
      for="c7"
    >
      c7
    </label>
  </div>
</div>
`;
