// Jest Snapshot v1, https://goo.gl/fbAQLP

exports[`MainPage Component renders according to design 1`] = `
<div
  className="main-page"
>
  <Header />
  <SearchField
    categories={Array []}
    page={1}
    setCategories={[Function]}
    setDate={[Function]}
  />
  <CoursesList
    courses={Array []}
  />
  <Paginator
    currentPage={1}
    dataLength={0}
    setPage={[Function]}
  />
</div>
`;
