// Jest Snapshot v1, https://goo.gl/fbAQLP

exports[`SearchField Component renders according to design 1`] = `
<div
  className="search-field"
>
  <div
    className="search-field_start-date"
  >
    <label
      className="search-field_label"
      for="byStartDate"
    >
      Search By Start Date
    </label>
    <SearchDatePicker
      date={2020-08-03T17:18:50.582Z}
    />
  </div>
  <div
    className="search-field_category"
  >
    <label
      className="search-field_label"
      for="byStartDate"
    >
      Search By Category
    </label>
    <CategoryPicker />
  </div>
  <button
    className="search-field_cta"
  >
    Search!
  </button>
</div>
`;
