// Jest Snapshot v1, https://goo.gl/fbAQLP

exports[`App Component renders according to design 1`] = `
<div
  className="app"
>
  <div
    className="main-page"
  >
    <div
      className="header"
    >
      Gymondo
      <div
        className="header_logo"
      />
    </div>
    <div
      className="search-field"
    >
      <div
        className="search-field_start-date"
      >
        <label
          for="byStartDate"
        >
          Search By Start Date 
        </label>
        <select
          onChange={[Function]}
          value="item"
        >
          <option
            value="today"
          >
            today
          </option>
          <option
            value="tomorrow"
          >
            tomorrow
          </option>
          <option
            value="Monday"
          >
            Monday
          </option>
        </select>
      </div>
      <div
        className="search-field_category"
      >
        <label
          for="byStartDate"
        >
          Search By Category 
        </label>
        <select
          onChange={[Function]}
          value="item"
        >
          <option
            value="zumba"
          >
            zumba
          </option>
          <option
            value="body pump"
          >
            body pump
          </option>
          <option
            value="body attack"
          >
            body attack
          </option>
        </select>
      </div>
      <button
        className="search-field_cta"
        onClick={[Function]}
      >
        Search!
      </button>
    </div>
    <div
      className="course-card"
    />
  </div>
</div>
`;
